** Drc report for lh60-test.kicad_pcb **
** Created on 2026-08-14T14:31:36 **
** Report includes: Errors, Warnings, Exclusions **

** Found 92 DRC violations **
[shorting_items]: 短路了两个不同网络的项目 (网络 N1 和 N2)
    Local override; error
    @(29.0500 mm, 24.1000 mm): PTH pad 1 [N1] of SW_AA_2U_0
    @(27.3750 mm, 26.2000 mm): Pad 2 [N2] of SW_AA_splitL_0 on B.Cu
[shorting_items]: 短路了两个不同网络的项目 (网络 N16 和 N18)
    Local override; error
    @(84.2813 mm, 111.0000 mm): Pad 1 [N16] of SW_BB_ANSI_R on B.Cu
    @(85.9562 mm, 110.1500 mm): PTH pad [N18] of SW_BB_splitE_0
[shorting_items]: 短路了两个不同网络的项目 (网络 N1 和 N3)
    Local override; error
    @(34.0500 mm, 26.2000 mm): PTH pad 2 [N1] of SW_AA_2U_0
    @(35.7250 mm, 24.0000 mm): Pad 1 [N3] of SW_AA_splitR_0 on B.Cu
[shorting_items]: 短路了两个不同网络的项目 (网络 N10 和 N11)
    Local override; error
    @(196.1937 mm, 24.1000 mm): PTH pad 1 [N10] of SW_AD_2U75_0
    @(194.5187 mm, 26.2000 mm): Pad 2 [N11] of SW_AD_splitS_0 on B.Cu
[shorting_items]: 短路了两个不同网络的项目 (网络 N13 和 N15)
    Local override; error
    @(31.9000 mm, 111.0000 mm): Pad 1 [N13] of SW_BA_2U_R on B.Cu
    @(33.5750 mm, 110.1500 mm): PTH pad [N15] of SW_BA_splitR_0
[shorting_items]: 短路了两个不同网络的项目 (网络 N4 和 N6)
    Local override; error
    @(86.4313 mm, 26.2000 mm): PTH pad 2 [N4] of SW_AB_ANSI_0
    @(88.1062 mm, 24.0000 mm): Pad 1 [N6] of SW_AB_splitE_0 on B.Cu
[shorting_items]: 短路了两个不同网络的项目 (网络 N10 和 N11)
    Local override; error
    @(193.3437 mm, 24.0000 mm): Pad 1 [N10] of SW_AD_2U75_0 on B.Cu
    @(191.6687 mm, 26.2000 mm): PTH pad 2 [N11] of SW_AD_splitS_0
[hole_clearance]: 孔间距违规 (<电路板配置> 中的 "孔" 约束 间距 0.2000 mm; 实际 0.0250 mm)
    Rule: <电路板配置> 中的 "孔" 约束; error
    @(194.5187 mm, 26.2000 mm): Pad 2 [N11] of SW_AD_splitS_0 on B.Cu
    @(196.1937 mm, 30.0000 mm): NPTH pad of SW_AD_2U75_0
[hole_clearance]: 孔间距违规 (<电路板配置> 中的 "孔" 约束 间距 0.2000 mm; 实际 0.0250 mm)
    Rule: <电路板配置> 中的 "孔" 约束; error
    @(144.2813 mm, 26.2000 mm): Pad 2 [N7] of SW_AC_2U25_0 on B.Cu
    @(145.9563 mm, 30.0000 mm): NPTH pad of SW_AC_splitS_0
[shorting_items]: 短路了两个不同网络的项目 (网络 N10 和 N11)
    Local override; error
    @(193.3437 mm, 24.0000 mm): Pad 1 [N10] of SW_AD_2U75_0 on B.Cu
    @(194.5187 mm, 26.2000 mm): Pad 2 [N11] of SW_AD_splitS_0 on B.Cu
[shorting_items]: 短路了两个不同网络的项目 (网络 N16 和 N18)
    Local override; error
    @(86.4313 mm, 99.8500 mm): PTH pad [N16] of SW_BB_ANSI_R
    @(88.1062 mm, 99.0000 mm): Pad 1 [N18] of SW_BB_splitE_0 on B.Cu
[shorting_items]: 短路了两个不同网络的项目 (网络 N15 和 N13)
    Local override; error
    @(35.7250 mm, 99.0000 mm): Pad 1 [N15] of SW_BA_splitR_0 on B.Cu
    @(34.0500 mm, 99.8500 mm): PTH pad [N13] of SW_BA_2U_R
[hole_clearance]: 孔间距违规 (<电路板配置> 中的 "孔" 约束 间距 0.2000 mm; 实际 0.0250 mm)
    Rule: <电路板配置> 中的 "孔" 约束; error
    @(188.3437 mm, 108.8000 mm): Pad 2 [N22] of SW_BD_2U75_R on B.Cu
    @(186.6687 mm, 105.0000 mm): NPTH pad of SW_BD_splitS_0
[shorting_items]: 短路了两个不同网络的项目 (网络 N19 和 N21)
    Local override; error
    @(139.2813 mm, 111.0000 mm): Pad 1 [N19] of SW_BC_2U25_R on B.Cu
    @(140.9563 mm, 110.1500 mm): PTH pad [N21] of SW_BC_splitS_0
[hole_clearance]: 孔间距违规 (<电路板配置> 中的 "孔" 约束 间距 0.2000 mm; 实际 0.0250 mm)
    Rule: <电路板配置> 中的 "孔" 约束; error
    @(194.5187 mm, 101.2000 mm): Pad 2 [N23] of SW_BD_splitS_0 on B.Cu
    @(196.1937 mm, 105.0000 mm): NPTH pad of SW_BD_2U75_R
[hole_clearance]: 孔间距违规 (<电路板配置> 中的 "孔" 约束 间距 0.2000 mm; 实际 0.0250 mm)
    Rule: <电路板配置> 中的 "孔" 约束; error
    @(27.3750 mm, 101.2000 mm): Pad 2 [N14] of SW_BA_splitL_0 on B.Cu
    @(29.0500 mm, 105.0000 mm): NPTH pad of SW_BA_2U_R
[shorting_items]: 短路了两个不同网络的项目 (网络 N4 和 N6)
    Local override; error
    @(89.2813 mm, 26.2000 mm): Pad 2 [N4] of SW_AB_ANSI_0 on B.Cu
    @(88.1062 mm, 24.0000 mm): Pad 1 [N6] of SW_AB_splitE_0 on B.Cu
[shorting_items]: 短路了两个不同网络的项目 (网络 N1 和 N2)
    Local override; error
    @(26.2000 mm, 24.0000 mm): Pad 1 [N1] of SW_AA_2U_0 on B.Cu
    @(24.5250 mm, 26.2000 mm): PTH pad 2 [N2] of SW_AA_splitL_0
[shorting_items]: 短路了两个不同网络的项目 (网络 N4 和 N6)
    Local override; error
    @(89.2813 mm, 26.2000 mm): Pad 2 [N4] of SW_AB_ANSI_0 on B.Cu
    @(90.9562 mm, 24.1000 mm): PTH pad 1 [N6] of SW_AB_splitE_0
[hole_clearance]: 孔间距违规 (<电路板配置> 中的 "孔" 约束 间距 0.2000 mm; 实际 0.0250 mm)
    Rule: <电路板配置> 中的 "孔" 约束; error
    @(21.2000 mm, 108.8000 mm): Pad 2 [N13] of SW_BA_2U_R on B.Cu
    @(19.5250 mm, 105.0000 mm): NPTH pad of SW_BA_splitL_0
[shorting_items]: 短路了两个不同网络的项目 (网络 N7 和 N9)
    Local override; error
    @(141.4313 mm, 26.2000 mm): PTH pad 2 [N7] of SW_AC_2U25_0
    @(143.1063 mm, 24.0000 mm): Pad 1 [N9] of SW_AC_splitS_0 on B.Cu
[shorting_items]: 短路了两个不同网络的项目 (网络 N19 和 N21)
    Local override; error
    @(141.4313 mm, 99.8500 mm): PTH pad [N19] of SW_BC_2U25_R
    @(143.1063 mm, 99.0000 mm): Pad 1 [N21] of SW_BC_splitS_0 on B.Cu
[hole_clearance]: 孔间距违规 (<电路板配置> 中的 "孔" 约束 间距 0.2000 mm; 实际 0.0250 mm)
    Rule: <电路板配置> 中的 "孔" 约束; error
    @(89.2813 mm, 26.2000 mm): Pad 2 [N4] of SW_AB_ANSI_0 on B.Cu
    @(90.9562 mm, 30.0000 mm): NPTH pad of SW_AB_splitE_0
[shorting_items]: 短路了两个不同网络的项目 (网络 N1 和 N2)
    Local override; error
    @(26.2000 mm, 24.0000 mm): Pad 1 [N1] of SW_AA_2U_0 on B.Cu
    @(27.3750 mm, 26.2000 mm): Pad 2 [N2] of SW_AA_splitL_0 on B.Cu
[shorting_items]: 短路了两个不同网络的项目 (网络 N1 和 N3)
    Local override; error
    @(36.9000 mm, 26.2000 mm): Pad 2 [N1] of SW_AA_2U_0 on B.Cu
    @(38.5750 mm, 24.1000 mm): PTH pad 1 [N3] of SW_AA_splitR_0
[shorting_items]: 短路了两个不同网络的项目 (网络 N7 和 N8)
    Local override; error
    @(133.5813 mm, 24.0000 mm): Pad 1 [N7] of SW_AC_2U25_0 on B.Cu
    @(132.3750 mm, 26.2000 mm): Pad 2 [N8] of SW_AC_FN_0 on B.Cu
[hole_clearance]: 孔间距违规 (<电路板配置> 中的 "孔" 约束 间距 0.2000 mm; 实际 0.0250 mm)
    Rule: <电路板配置> 中的 "孔" 约束; error
    @(36.9000 mm, 26.2000 mm): Pad 2 [N1] of SW_AA_2U_0 on B.Cu
    @(38.5750 mm, 30.0000 mm): NPTH pad of SW_AA_splitR_0
[shorting_items]: 短路了两个不同网络的项目 (网络 N7 和 N9)
    Local override; error
    @(144.2813 mm, 26.2000 mm): Pad 2 [N7] of SW_AC_2U25_0 on B.Cu
    @(143.1063 mm, 24.0000 mm): Pad 1 [N9] of SW_AC_splitS_0 on B.Cu
[shorting_items]: 短路了两个不同网络的项目 (网络 N7 和 N9)
    Local override; error
    @(144.2813 mm, 26.2000 mm): Pad 2 [N7] of SW_AC_2U25_0 on B.Cu
    @(145.9563 mm, 24.1000 mm): PTH pad 1 [N9] of SW_AC_splitS_0
[shorting_items]: 短路了两个不同网络的项目 (网络 N1 和 N3)
    Local override; error
    @(36.9000 mm, 26.2000 mm): Pad 2 [N1] of SW_AA_2U_0 on B.Cu
    @(35.7250 mm, 24.0000 mm): Pad 1 [N3] of SW_AA_splitR_0 on B.Cu
[hole_clearance]: 孔间距违规 (<电路板配置> 中的 "孔" 约束 间距 0.2000 mm; 实际 0.0250 mm)
    Rule: <电路板配置> 中的 "孔" 约束; error
    @(27.3750 mm, 26.2000 mm): Pad 2 [N2] of SW_AA_splitL_0 on B.Cu
    @(29.0500 mm, 30.0000 mm): NPTH pad of SW_AA_2U_0
[hole_to_hole]: 钻孔太靠近其他孔 (电路板配置约束 最小 0.2495 mm; 实际 0.0000 mm)
    Rule: 电路板配置约束; error
    @(23.5500 mm, 30.0000 mm): NPTH pad of SW_AA_2U_0
    @(25.0250 mm, 30.0000 mm): NPTH pad of SW_AA_splitL_0
[hole_to_hole]: 钻孔太靠近其他孔 (电路板配置约束 最小 0.2495 mm; 实际 0.0000 mm)
    Rule: 电路板配置约束; error
    @(34.5500 mm, 30.0000 mm): NPTH pad of SW_AA_2U_0
    @(33.0750 mm, 30.0000 mm): NPTH pad of SW_AA_splitR_0
[hole_to_hole]: 钻孔太靠近其他孔 (电路板配置约束 最小 0.2495 mm; 实际 0.0000 mm)
    Rule: 电路板配置约束; error
    @(85.4562 mm, 30.0000 mm): NPTH pad of SW_AB_splitE_0
    @(86.9313 mm, 30.0000 mm): NPTH pad of SW_AB_ANSI_0
[hole_to_hole]: 钻孔太靠近其他孔 (电路板配置约束 最小 0.2495 mm; 实际 0.0000 mm)
    Rule: 电路板配置约束; error
    @(130.0250 mm, 30.0000 mm): NPTH pad of SW_AC_FN_0
    @(130.9313 mm, 30.0000 mm): NPTH pad of SW_AC_2U25_0
[hole_to_hole]: 钻孔太靠近其他孔 (电路板配置约束 最小 0.2495 mm; 实际 0.0000 mm)
    Rule: 电路板配置约束; error
    @(140.4563 mm, 30.0000 mm): NPTH pad of SW_AC_splitS_0
    @(141.9313 mm, 30.0000 mm): NPTH pad of SW_AC_2U25_0
[hole_to_hole]: 钻孔太靠近其他孔 (电路板配置约束 最小 0.2495 mm; 实际 0.0000 mm)
    Rule: 电路板配置约束; error
    @(192.1687 mm, 30.0000 mm): NPTH pad of SW_AD_splitS_0
    @(190.6937 mm, 30.0000 mm): NPTH pad of SW_AD_2U75_0
[hole_to_hole]: 钻孔太靠近其他孔 (电路板配置约束 最小 0.2495 mm; 实际 0.0000 mm)
    Rule: 电路板配置约束; error
    @(33.0750 mm, 105.0000 mm): NPTH pad of SW_BA_splitR_0
    @(34.5500 mm, 105.0000 mm): NPTH pad of SW_BA_2U_R
[hole_to_hole]: 钻孔太靠近其他孔 (电路板配置约束 最小 0.2495 mm; 实际 0.0000 mm)
    Rule: 电路板配置约束; error
    @(23.5500 mm, 105.0000 mm): NPTH pad of SW_BA_2U_R
    @(25.0250 mm, 105.0000 mm): NPTH pad of SW_BA_splitL_0
[hole_to_hole]: 钻孔太靠近其他孔 (电路板配置约束 最小 0.2495 mm; 实际 0.0000 mm)
    Rule: 电路板配置约束; error
    @(86.9313 mm, 105.0000 mm): NPTH pad of SW_BB_ANSI_R
    @(85.4562 mm, 105.0000 mm): NPTH pad of SW_BB_splitE_0
[hole_to_hole]: 钻孔太靠近其他孔 (电路板配置约束 最小 0.2495 mm; 实际 0.0000 mm)
    Rule: 电路板配置约束; error
    @(140.4563 mm, 105.0000 mm): NPTH pad of SW_BC_splitS_0
    @(141.9313 mm, 105.0000 mm): NPTH pad of SW_BC_2U25_R
[hole_to_hole]: 钻孔太靠近其他孔 (电路板配置约束 最小 0.2495 mm; 实际 0.0000 mm)
    Rule: 电路板配置约束; error
    @(130.9313 mm, 105.0000 mm): NPTH pad of SW_BC_2U25_R
    @(130.0250 mm, 105.0000 mm): NPTH pad of SW_BC_FN_0
[hole_to_hole]: 钻孔太靠近其他孔 (电路板配置约束 最小 0.2495 mm; 实际 0.0000 mm)
    Rule: 电路板配置约束; error
    @(192.1687 mm, 105.0000 mm): NPTH pad of SW_BD_splitS_0
    @(190.6937 mm, 105.0000 mm): NPTH pad of SW_BD_2U75_R
[solder_mask_bridge]: 底层阻焊开窗区域与不同网络的项目相连
    Rule: <电路板配置> 中的 "阻焊层最小宽度"; error
    @(143.1063 mm, 99.0000 mm): Pad 1 [N21] of SW_BC_splitS_0 on B.Cu
    @(141.4313 mm, 99.8500 mm): PTH pad [N19] of SW_BC_2U25_R
[solder_mask_bridge]: 底层阻焊开窗区域与不同网络的项目相连
    Rule: <电路板配置> 中的 "阻焊层最小宽度"; error
    @(31.9000 mm, 111.0000 mm): Pad 1 [N13] of SW_BA_2U_R on B.Cu
    @(33.5750 mm, 110.1500 mm): PTH pad [N15] of SW_BA_splitR_0
[solder_mask_bridge]: 底层阻焊开窗区域与不同网络的项目相连
    Rule: <电路板配置> 中的 "阻焊层最小宽度"; error
    @(35.7250 mm, 24.0000 mm): Pad 1 [N3] of SW_AA_splitR_0 on B.Cu
    @(34.0500 mm, 26.2000 mm): PTH pad 2 [N1] of SW_AA_2U_0
[solder_mask_bridge]: 底层阻焊开窗区域与不同网络的项目相连
    Rule: <电路板配置> 中的 "阻焊层最小宽度"; error
    @(35.7250 mm, 99.0000 mm): Pad 1 [N15] of SW_BA_splitR_0 on B.Cu
    @(34.0500 mm, 99.8500 mm): PTH pad [N13] of SW_BA_2U_R
[solder_mask_bridge]: 底层阻焊开窗区域与不同网络的项目相连
    Rule: <电路板配置> 中的 "阻焊层最小宽度"; error
    @(84.2813 mm, 111.0000 mm): Pad 1 [N16] of SW_BB_ANSI_R on B.Cu
    @(85.9562 mm, 110.1500 mm): PTH pad [N18] of SW_BB_splitE_0
[solder_mask_bridge]: 底层阻焊开窗区域与不同网络的项目相连
    Rule: <电路板配置> 中的 "阻焊层最小宽度"; error
    @(26.2000 mm, 24.0000 mm): Pad 1 [N1] of SW_AA_2U_0 on B.Cu
    @(24.5250 mm, 26.2000 mm): PTH pad 2 [N2] of SW_AA_splitL_0
[solder_mask_bridge]: 底层阻焊开窗区域与不同网络的项目相连
    Rule: <电路板配置> 中的 "阻焊层最小宽度"; error
    @(88.1062 mm, 99.0000 mm): Pad 1 [N18] of SW_BB_splitE_0 on B.Cu
    @(86.4313 mm, 99.8500 mm): PTH pad [N16] of SW_BB_ANSI_R
[solder_mask_bridge]: 底层阻焊开窗区域与不同网络的项目相连
    Rule: <电路板配置> 中的 "阻焊层最小宽度"; error
    @(36.9000 mm, 26.2000 mm): Pad 2 [N1] of SW_AA_2U_0 on B.Cu
    @(38.5750 mm, 24.1000 mm): PTH pad 1 [N3] of SW_AA_splitR_0
[solder_mask_bridge]: 底层阻焊开窗区域与不同网络的项目相连
    Rule: <电路板配置> 中的 "阻焊层最小宽度"; error
    @(88.1062 mm, 24.0000 mm): Pad 1 [N6] of SW_AB_splitE_0 on B.Cu
    @(86.4313 mm, 26.2000 mm): PTH pad 2 [N4] of SW_AB_ANSI_0
[solder_mask_bridge]: 底层阻焊开窗区域与不同网络的项目相连
    Rule: <电路板配置> 中的 "阻焊层最小宽度"; error
    @(144.2813 mm, 26.2000 mm): Pad 2 [N7] of SW_AC_2U25_0 on B.Cu
    @(145.9563 mm, 24.1000 mm): PTH pad 1 [N9] of SW_AC_splitS_0
[solder_mask_bridge]: 底层阻焊开窗区域与不同网络的项目相连
    Rule: <电路板配置> 中的 "阻焊层最小宽度"; error
    @(194.5187 mm, 26.2000 mm): Pad 2 [N11] of SW_AD_splitS_0 on B.Cu
    @(196.1937 mm, 24.1000 mm): PTH pad 1 [N10] of SW_AD_2U75_0
[solder_mask_bridge]: 底层阻焊开窗区域与不同网络的项目相连
    Rule: <电路板配置> 中的 "阻焊层最小宽度"; error
    @(89.2813 mm, 26.2000 mm): Pad 2 [N4] of SW_AB_ANSI_0 on B.Cu
    @(90.9562 mm, 24.1000 mm): PTH pad 1 [N6] of SW_AB_splitE_0
[solder_mask_bridge]: 底层阻焊开窗区域与不同网络的项目相连
    Rule: <电路板配置> 中的 "阻焊层最小宽度"; error
    @(27.3750 mm, 26.2000 mm): Pad 2 [N2] of SW_AA_splitL_0 on B.Cu
    @(29.0500 mm, 24.1000 mm): PTH pad 1 [N1] of SW_AA_2U_0
[solder_mask_bridge]: 底层阻焊开窗区域与不同网络的项目相连
    Rule: <电路板配置> 中的 "阻焊层最小宽度"; error
    @(143.1063 mm, 24.0000 mm): Pad 1 [N9] of SW_AC_splitS_0 on B.Cu
    @(141.4313 mm, 26.2000 mm): PTH pad 2 [N7] of SW_AC_2U25_0
[solder_mask_bridge]: 底层阻焊开窗区域与不同网络的项目相连
    Rule: <电路板配置> 中的 "阻焊层最小宽度"; error
    @(139.2813 mm, 111.0000 mm): Pad 1 [N19] of SW_BC_2U25_R on B.Cu
    @(140.9563 mm, 110.1500 mm): PTH pad [N21] of SW_BC_splitS_0
[solder_mask_bridge]: 底层阻焊开窗区域与不同网络的项目相连
    Rule: <电路板配置> 中的 "阻焊层最小宽度"; error
    @(193.3437 mm, 24.0000 mm): Pad 1 [N10] of SW_AD_2U75_0 on B.Cu
    @(191.6687 mm, 26.2000 mm): PTH pad 2 [N11] of SW_AD_splitS_0
[solder_mask_bridge]: 底层阻焊开窗区域与不同网络的项目相连
    Rule: <电路板配置> 中的 "阻焊层最小宽度"; error
    @(32.5500 mm, 111.0000 mm): Pad [<no net>] of SW_BA_2U_R on B.Mask and others
    @(33.5750 mm, 110.1500 mm): PTH pad [N15] of SW_BA_splitR_0
[solder_mask_bridge]: 底层阻焊开窗区域与不同网络的项目相连
    Rule: <电路板配置> 中的 "阻焊层最小宽度"; error
    @(84.9313 mm, 111.0000 mm): Pad [<no net>] of SW_BB_ANSI_R on B.Mask and others
    @(85.9562 mm, 110.1500 mm): PTH pad [N18] of SW_BB_splitE_0
[solder_mask_bridge]: 底层阻焊开窗区域与不同网络的项目相连
    Rule: <电路板配置> 中的 "阻焊层最小宽度"; error
    @(35.0750 mm, 24.0000 mm): Pad [<no net>] of SW_AA_splitR_0 on B.Mask and others
    @(34.0500 mm, 26.2000 mm): PTH pad 2 [N1] of SW_AA_2U_0
[solder_mask_bridge]: 底层阻焊开窗区域与不同网络的项目相连
    Rule: <电路板配置> 中的 "阻焊层最小宽度"; error
    @(35.0750 mm, 24.0000 mm): Pad [<no net>] of SW_AA_splitR_0 on B.Mask and others
    @(36.9000 mm, 26.2000 mm): Pad 2 [N1] of SW_AA_2U_0 on B.Cu
[solder_mask_bridge]: 底层阻焊开窗区域与不同网络的项目相连
    Rule: <电路板配置> 中的 "阻焊层最小宽度"; error
    @(25.5500 mm, 24.0000 mm): Pad [<no net>] of SW_AA_2U_0 on B.Mask and others
    @(24.5250 mm, 26.2000 mm): PTH pad 2 [N2] of SW_AA_splitL_0
[solder_mask_bridge]: 底层阻焊开窗区域与不同网络的项目相连
    Rule: <电路板配置> 中的 "阻焊层最小宽度"; error
    @(25.5500 mm, 24.0000 mm): Pad [<no net>] of SW_AA_2U_0 on B.Mask and others
    @(27.3750 mm, 26.2000 mm): Pad 2 [N2] of SW_AA_splitL_0 on B.Cu
[solder_mask_bridge]: 底层阻焊开窗区域与不同网络的项目相连
    Rule: <电路板配置> 中的 "阻焊层最小宽度"; error
    @(35.0750 mm, 99.0000 mm): Pad [<no net>] of SW_BA_splitR_0 on B.Mask and others
    @(34.0500 mm, 99.8500 mm): PTH pad [N13] of SW_BA_2U_R
[solder_mask_bridge]: 底层阻焊开窗区域与不同网络的项目相连
    Rule: <电路板配置> 中的 "阻焊层最小宽度"; error
    @(142.4563 mm, 99.0000 mm): Pad [<no net>] of SW_BC_splitS_0 on B.Mask and others
    @(143.1063 mm, 99.0000 mm): Pad 1 [N21] of SW_BC_splitS_0 on B.Cu
[solder_mask_bridge]: 底层阻焊开窗区域与不同网络的项目相连
    Rule: <电路板配置> 中的 "阻焊层最小宽度"; error
    @(144.9313 mm, 26.2000 mm): Pad [<no net>] of SW_AC_2U25_0 on B.Mask and others
    @(145.9563 mm, 24.1000 mm): PTH pad 1 [N9] of SW_AC_splitS_0
[solder_mask_bridge]: 底层阻焊开窗区域与不同网络的项目相连
    Rule: <电路板配置> 中的 "阻焊层最小宽度"; error
    @(144.9313 mm, 26.2000 mm): Pad [<no net>] of SW_AC_2U25_0 on B.Mask and others
    @(143.1063 mm, 24.0000 mm): Pad 1 [N9] of SW_AC_splitS_0 on B.Cu
[solder_mask_bridge]: 底层阻焊开窗区域与不同网络的项目相连
    Rule: <电路板配置> 中的 "阻焊层最小宽度"; error
    @(37.5500 mm, 26.2000 mm): Pad [<no net>] of SW_AA_2U_0 on B.Mask and others
    @(38.5750 mm, 24.1000 mm): PTH pad 1 [N3] of SW_AA_splitR_0
[solder_mask_bridge]: 底层阻焊开窗区域与不同网络的项目相连
    Rule: <电路板配置> 中的 "阻焊层最小宽度"; error
    @(37.5500 mm, 26.2000 mm): Pad [<no net>] of SW_AA_2U_0 on B.Mask and others
    @(35.7250 mm, 24.0000 mm): Pad 1 [N3] of SW_AA_splitR_0 on B.Cu
[solder_mask_bridge]: 底层阻焊开窗区域与不同网络的项目相连
    Rule: <电路板配置> 中的 "阻焊层最小宽度"; error
    @(87.4562 mm, 24.0000 mm): Pad [<no net>] of SW_AB_splitE_0 on B.Mask and others
    @(86.4313 mm, 26.2000 mm): PTH pad 2 [N4] of SW_AB_ANSI_0
[solder_mask_bridge]: 底层阻焊开窗区域与不同网络的项目相连
    Rule: <电路板配置> 中的 "阻焊层最小宽度"; error
    @(87.4562 mm, 24.0000 mm): Pad [<no net>] of SW_AB_splitE_0 on B.Mask and others
    @(89.2813 mm, 26.2000 mm): Pad 2 [N4] of SW_AB_ANSI_0 on B.Cu
[solder_mask_bridge]: 底层阻焊开窗区域与不同网络的项目相连
    Rule: <电路板配置> 中的 "阻焊层最小宽度"; error
    @(87.4562 mm, 99.0000 mm): Pad [<no net>] of SW_BB_splitE_0 on B.Mask and others
    @(86.4313 mm, 99.8500 mm): PTH pad [N16] of SW_BB_ANSI_R
[solder_mask_bridge]: 底层阻焊开窗区域与不同网络的项目相连
    Rule: <电路板配置> 中的 "阻焊层最小宽度"; error
    @(89.9313 mm, 26.2000 mm): Pad [<no net>] of SW_AB_ANSI_0 on B.Mask and others
    @(90.9562 mm, 24.1000 mm): PTH pad 1 [N6] of SW_AB_splitE_0
[solder_mask_bridge]: 底层阻焊开窗区域与不同网络的项目相连
    Rule: <电路板配置> 中的 "阻焊层最小宽度"; error
    @(89.9313 mm, 26.2000 mm): Pad [<no net>] of SW_AB_ANSI_0 on B.Mask and others
    @(88.1062 mm, 24.0000 mm): Pad 1 [N6] of SW_AB_splitE_0 on B.Cu
[solder_mask_bridge]: 底层阻焊开窗区域与不同网络的项目相连
    Rule: <电路板配置> 中的 "阻焊层最小宽度"; error
    @(195.1687 mm, 26.2000 mm): Pad [<no net>] of SW_AD_splitS_0 on B.Mask and others
    @(196.1937 mm, 24.1000 mm): PTH pad 1 [N10] of SW_AD_2U75_0
[solder_mask_bridge]: 底层阻焊开窗区域与不同网络的项目相连
    Rule: <电路板配置> 中的 "阻焊层最小宽度"; error
    @(195.1687 mm, 26.2000 mm): Pad [<no net>] of SW_AD_splitS_0 on B.Mask and others
    @(193.3437 mm, 24.0000 mm): Pad 1 [N10] of SW_AD_2U75_0 on B.Cu
[solder_mask_bridge]: 底层阻焊开窗区域与不同网络的项目相连
    Rule: <电路板配置> 中的 "阻焊层最小宽度"; error
    @(142.4563 mm, 24.0000 mm): Pad [<no net>] of SW_AC_splitS_0 on B.Mask and others
    @(141.4313 mm, 26.2000 mm): PTH pad 2 [N7] of SW_AC_2U25_0
[solder_mask_bridge]: 底层阻焊开窗区域与不同网络的项目相连
    Rule: <电路板配置> 中的 "阻焊层最小宽度"; error
    @(142.4563 mm, 24.0000 mm): Pad [<no net>] of SW_AC_splitS_0 on B.Mask and others
    @(144.2813 mm, 26.2000 mm): Pad 2 [N7] of SW_AC_2U25_0 on B.Cu
[solder_mask_bridge]: 底层阻焊开窗区域与不同网络的项目相连
    Rule: <电路板配置> 中的 "阻焊层最小宽度"; error
    @(139.9313 mm, 111.0000 mm): Pad [<no net>] of SW_BC_2U25_R on B.Mask and others
    @(140.9563 mm, 110.1500 mm): PTH pad [N21] of SW_BC_splitS_0
[solder_mask_bridge]: 底层阻焊开窗区域与不同网络的项目相连
    Rule: <电路板配置> 中的 "阻焊层最小宽度"; error
    @(28.0250 mm, 26.2000 mm): Pad [<no net>] of SW_AA_splitL_0 on B.Mask and others
    @(29.0500 mm, 24.1000 mm): PTH pad 1 [N1] of SW_AA_2U_0
[solder_mask_bridge]: 底层阻焊开窗区域与不同网络的项目相连
    Rule: <电路板配置> 中的 "阻焊层最小宽度"; error
    @(28.0250 mm, 26.2000 mm): Pad [<no net>] of SW_AA_splitL_0 on B.Mask and others
    @(26.2000 mm, 24.0000 mm): Pad 1 [N1] of SW_AA_2U_0 on B.Cu
[solder_mask_bridge]: 底层阻焊开窗区域与不同网络的项目相连
    Rule: <电路板配置> 中的 "阻焊层最小宽度"; error
    @(192.6937 mm, 24.0000 mm): Pad [<no net>] of SW_AD_2U75_0 on B.Mask and others
    @(191.6687 mm, 26.2000 mm): PTH pad 2 [N11] of SW_AD_splitS_0
[solder_mask_bridge]: 底层阻焊开窗区域与不同网络的项目相连
    Rule: <电路板配置> 中的 "阻焊层最小宽度"; error
    @(192.6937 mm, 24.0000 mm): Pad [<no net>] of SW_AD_2U75_0 on B.Mask and others
    @(194.5187 mm, 26.2000 mm): Pad 2 [N11] of SW_AD_splitS_0 on B.Cu
[solder_mask_bridge]: 底层阻焊开窗区域与不同网络的项目相连
    Rule: <电路板配置> 中的 "阻焊层最小宽度"; error
    @(132.9313 mm, 24.0000 mm): Pad [<no net>] of SW_AC_2U25_0 on B.Mask and others
    @(133.5813 mm, 24.0000 mm): Pad 1 [N7] of SW_AC_2U25_0 on B.Cu
[solder_mask_bridge]: 底层阻焊开窗区域与不同网络的项目相连
    Rule: <电路板配置> 中的 "阻焊层最小宽度"; error
    @(133.0250 mm, 26.2000 mm): Pad [<no net>] of SW_AC_FN_0 on B.Mask and others
    @(133.5813 mm, 24.0000 mm): Pad 1 [N7] of SW_AC_2U25_0 on B.Cu
[mirrored_text_on_front_layer]: Mirrored text on front layer
    Local override; warning
    @(116.9850 mm, 196.3500 mm): Value field of SW_kaihua_same_orient_16_25mm_L (SW)
    @(10.0000 mm, 318.0000 mm): PCB text 'grid 15u x 5u @ 19.05mm - draw your own layout here' on User.Drawings
[mirrored_text_on_front_layer]: Mirrored text on front layer
    Local override; warning
    @(133.2350 mm, 196.3500 mm): Value field of SW_kaihua_same_orient_16_25mm_R (SW)
    @(10.0000 mm, 318.0000 mm): PCB text 'grid 15u x 5u @ 19.05mm - draw your own layout here' on User.Drawings
[mirrored_text_on_front_layer]: Mirrored text on front layer
    Local override; warning
    @(166.9850 mm, 196.3500 mm): Value field of SW_kaihua_180deg_12_20mm_L (SW)
    @(10.0000 mm, 318.0000 mm): PCB text 'grid 15u x 5u @ 19.05mm - draw your own layout here' on User.Drawings
[mirrored_text_on_front_layer]: Mirrored text on front layer
    Local override; warning
    @(165.2150 mm, 183.6500 mm): Value field of SW_kaihua_180deg_12_20mm_R (SW)
    @(10.0000 mm, 318.0000 mm): PCB text 'grid 15u x 5u @ 19.05mm - draw your own layout here' on User.Drawings
[mirrored_text_on_front_layer]: Mirrored text on front layer
    Local override; warning
    @(268.9850 mm, 196.3500 mm): Value field of SW_PAL_KAIH (SW)
    @(10.0000 mm, 318.0000 mm): PCB text 'grid 15u x 5u @ 19.05mm - draw your own layout here' on User.Drawings

** Found 0 unconnected pads **

** Found 0 Footprint errors **

** Ignored checks **
    - Courtyards overlap
    - Footprint has no courtyard defined
    - Track endpoint not centered on via
    - Tuning profile track geometries
    - Footprint doesn't match symbol's footprint filters
    - Missing connection between items
    - Silkscreen clearance
    - Silkscreen clipped by solder mask
    - PTH inside courtyard
    - NPTH inside courtyard
    - Footprint component type doesn't match footprint pads

** End of Report **
